HEAD https://www.pointfree.co/
Cookie: pf_session={}