curl \
	--head \
	--cookie "pf_session={}" \
	"https://www.pointfree.co/"