CustomDumpTests.Child(
  father: CustomDumpTests.Father(
    child: CustomDumpTests.Child(↩︎)
  )
)