CustomDumpTests.User(
  id: 1,
  name: "Blobby",
  bio: "Blobbed around the world."
)