â–¿ User
  - bio: "Blobbed around the world."
  - id: 1
  - name: "Blobby"
