<UIView; frame = (0 0; 1133 744); opaque = NO; autoresize = W+H; backgroundColor = UIExtendedGrayColorSpace 1 1; layer = <CALayer>>
   | <_TtC11XCTSnapshotP33_CD07B10D49DF51CB5D5D85C591EE4D9618UIViewSizeListener; frame = (0 24; 1133 700); layer = <CALayer>>
   | <UILabel; frame = (506.5 24; 120 46); text = 'What's'; userInteractionEnabled = NO; backgroundColor = UIExtendedGrayColorSpace 0 0; layer = <_UILabelLayer>>
   | <UILabel; frame = (0 356.5; 42 35); text = 'the'; userInteractionEnabled = NO; backgroundColor = UIExtendedGrayColorSpace 0 0; layer = <_UILabelLayer>>
   | <UILabel; frame = (1067 356.5; 66 35); text = 'point'; userInteractionEnabled = NO; backgroundColor = UIExtendedGrayColorSpace 0 0; layer = <_UILabelLayer>>
   | <UILabel; frame = (558.5 689; 16 35); text = '?'; userInteractionEnabled = NO; backgroundColor = UIExtendedGrayColorSpace 0 0; layer = <_UILabelLayer>>