<UIView; frame = (0 0; 1194 834); autoresize = W+H; backgroundColor = UIExtendedGrayColorSpace 1 1; layer = <CALayer>>
   | <_TtC11XCTSnapshotP33_CD07B10D49DF51CB5D5D85C591EE4D9618UIViewSizeListener; frame = (0 24; 1194 790); layer = <CALayer>>
   | <UILabel; frame = (568 24; 58 20.5); text = 'What's'; userInteractionEnabled = NO; backgroundColor = UIExtendedGrayColorSpace 0 0; layer = <_UILabelLayer>>
   | <UILabel; frame = (0 409; 25.5 20.5); text = 'the'; userInteractionEnabled = NO; backgroundColor = UIExtendedGrayColorSpace 0 0; layer = <_UILabelLayer>>
   | <UILabel; frame = (1154 409; 40 20.5); text = 'point'; userInteractionEnabled = NO; backgroundColor = UIExtendedGrayColorSpace 0 0; layer = <_UILabelLayer>>
   | <UILabel; frame = (593.5 796; 7.5 18); text = '?'; userInteractionEnabled = NO; backgroundColor = UIExtendedGrayColorSpace 0 0; layer = <_UILabelLayer>>