â–¿ User
  - bio: "Blobbed around the world."
  - name: "Blobby"
