<UIView; frame = (0 0; 1194 834); autoresize = W+H; layer = <CALayer>>
   | <UILabel; frame = (569.333 24; 55.6667 20.3333); text = 'What's'; userInteractionEnabled = NO; layer = <_UILabelLayer>>
   | <UILabel; frame = (0 409; 25 20.3333); text = 'the'; userInteractionEnabled = NO; layer = <_UILabelLayer>>
   | <UILabel; frame = (1155 409; 39 20.3333); text = 'point'; userInteractionEnabled = NO; layer = <_UILabelLayer>>
   | <UILabel; frame = (593.333 796; 7.66667 18); text = '?'; userInteractionEnabled = NO; layer = <_UILabelLayer>>