<UIView; frame = (0 0; 375 667); autoresize = W+H; layer = <CALayer>>
   | <UILabel; frame = (161.333 20; 52.6667 19.3333); text = 'What's'; userInteractionEnabled = NO; layer = <_UILabelLayer>>
   | <UILabel; frame = (0 334; 23.6667 19.3333); text = 'the'; userInteractionEnabled = NO; layer = <_UILabelLayer>>
   | <UILabel; frame = (338 334; 37 19.3333); text = 'point'; userInteractionEnabled = NO; layer = <_UILabelLayer>>
   | <UILabel; frame = (184 650; 7.33333 17); text = '?'; userInteractionEnabled = NO; layer = <_UILabelLayer>>