â–¿ <_TtCFC20SnapshotTestingTests20SnapshotTestingTests28testAnyNSObjectSubclassClassFT_T_L_4User>
  - id: 1
  - name: "Blobby"
  - bio: "Blobbed around the world."
