<UIView; frame = (0 0; 320 568); autoresize = W+H; layer = <CALayer>>
   | <UILabel; frame = (16 20; 288 63.3333); text = 'What's the point?'; userInteractionEnabled = NO; layer = <_UILabelLayer>>