<UIView; frame = (0 0; 1366 1024); autoresize = W+H; layer = <CALayer>>
   | <UILabel; frame = (655 20; 56.3333 20.3333); text = 'What's'; userInteractionEnabled = NO; layer = <_UILabelLayer>>
   | <UILabel; frame = (0 512; 24.6667 20.3333); text = 'the'; userInteractionEnabled = NO; layer = <_UILabelLayer>>
   | <UILabel; frame = (1327.33 512; 38.6667 20.3333); text = 'point'; userInteractionEnabled = NO; layer = <_UILabelLayer>>
   | <UILabel; frame = (679.333 1006; 7.66667 18); text = '?'; userInteractionEnabled = NO; layer = <_UILabelLayer>>