POST https://www.pointfree.co/subscribe
Accept: application/json
Cookie: pf_session={"user_id":"0"}

{
  "pricing" : {
    "billing" : "monthly",
    "lane" : "individual"
  }
}