GET https://www.pointfree.co/
Accept: text/html
Content-Type: application/json
Cookie: pf_session={}