MoveTo (0.0, 0.0)
LineTo (0.0, 60.0)
QuadCurveTo (3.75, 86.25) (30.0, 90.0)
QuadCurveTo (56.25, 86.25) (60.0, 60.0)
CurveTo (75.0, 60.0) (90.0, 45.0) (90.0, 30.0)
CurveTo (90.0, 15.0) (75.0, 0.0) (60.0, 0.0)
LineTo (0.0, 0.0)
Close 

MoveTo (90.0, 75.0)
CurveTo (90.0, 83.284) (83.284, 90.0) (75.0, 90.0)
CurveTo (66.716, 90.0) (60.0, 83.284) (60.0, 75.0)
CurveTo (60.0, 66.716) (66.716, 60.0) (75.0, 60.0)
CurveTo (83.284, 60.0) (90.0, 66.716) (90.0, 75.0)
Close 
