<UIButton; frame = (0 0; 26 26); opaque = NO; gestureRecognizers = <NSArray>; layer = <CALayer>>
   | <_TtC11XCTSnapshotP33_CD07B10D49DF51CB5D5D85C591EE4D9618UIViewSizeListener; frame = (0 0; 26 26); layer = <CALayer>>
   | <UIImageView; frame = (0 0; 26 26); clipsToBounds = YES; opaque = NO; userInteractionEnabled = NO; image = <UIImage symbol "plus.circle"; (26 26)@2>; layer = <CALayer>>